2026-08-06 15:14:58.872 CST [67057] LOG:  starting PostgreSQL 20devel on x86_64-pc-linux-gnu, compiled by gcc (Ubuntu 13.3.0-6ubuntu2~24.04.1) 13.3.0, 64-bit
2026-08-06 15:14:58.873 CST [67057] LOG:  listening on IPv4 address "127.0.0.1", port 5432
2026-08-06 15:14:58.884 CST [67057] LOG:  listening on Unix socket "/tmp/.s.PGSQL.5432"
2026-08-06 15:14:58.906 CST [67062] LOG:  database system was shut down at 2026-08-06 15:14:51 CST
2026-08-06 15:14:58.919 CST [67057] LOG:  database system is ready to accept connections
2026-08-06 15:18:13.520 CST [67651] FATAL:  role "root" does not exist
2026-08-06 15:18:13.526 CST [67652] FATAL:  role "root" does not exist
2026-08-06 15:19:58.998 CST [67060] LOG:  checkpoint starting: time
2026-08-06 15:21:38.964 CST [67060] LOG:  checkpoint complete: time: wrote 995 buffers (6.1%), wrote 3 SLRU buffers; 1 WAL file(s) added, 0 removed, 0 recycled; write=99.778 s, sync=0.126 s, total=99.967 s; sync files=330, longest=0.010 s, average=0.001 s; distance=4647 kB, estimate=4647 kB; lsn=0/01C1FF50, redo lsn=0/01C1FBA0
2026-08-06 15:22:41.985 CST [68634] ERROR:  syntax error at or near "table" at character 6
2026-08-06 15:22:41.985 CST [68634] STATEMENT:  show table;
2026-08-06 15:26:06.734 CST [68634] ERROR:  syntax error at or near "```<" at character 1
2026-08-06 15:26:06.734 CST [68634] STATEMENT:  ```<websource>source_group_web_4</websource>
	ALTER USER postgres WITH PASSWORD 'postgres';
2026-08-06 15:29:59.166 CST [67060] LOG:  checkpoint starting: time
2026-08-06 15:29:59.500 CST [67060] LOG:  checkpoint complete: time: wrote 3 buffers (0.0%), wrote 1 SLRU buffers; 0 WAL file(s) added, 0 removed, 0 recycled; write=0.307 s, sync=0.008 s, total=0.335 s; sync files=4, longest=0.005 s, average=0.002 s; distance=11 kB, estimate=4184 kB; lsn=0/01C22A48, redo lsn=0/01C229E8
2026-08-06 15:33:49.760 CST [70494] FATAL:  lock file "postmaster.pid" already exists
2026-08-06 15:33:49.760 CST [70494] HINT:  Is another postmaster (PID 67057) running in data directory "/home/postgres/Learn-PG/build/data"?
2026-08-06 15:34:16.416 CST [70535] FATAL:  lock file "postmaster.pid" already exists
2026-08-06 15:34:16.416 CST [70535] HINT:  Is another postmaster (PID 67057) running in data directory "/home/postgres/Learn-PG/build/data"?
2026-08-06 15:34:59.455 CST [70764] ERROR:  could not open shared memory segment "/PostgreSQL.1298450074": No such file or directory
2026-08-06 15:34:59.601 CST [67060] LOG:  checkpoint starting: time
2026-08-06 15:34:59.724 CST [67060] LOG:  checkpoint complete: time: wrote 1 buffers (0.0%), wrote 0 SLRU buffers; 0 WAL file(s) added, 0 removed, 0 recycled; write=0.101 s, sync=0.005 s, total=0.124 s; sync files=1, longest=0.005 s, average=0.005 s; distance=2 kB, estimate=3766 kB; lsn=0/01C234A0, redo lsn=0/01C23440
2026-08-06 15:35:08.490 CST [70822] FATAL:  lock file "postmaster.pid" already exists
2026-08-06 15:35:08.490 CST [70822] HINT:  Is another postmaster (PID 67057) running in data directory "/home/postgres/Learn-PG/build/data"?
2026-08-06 15:35:19.455 CST [70835] ERROR:  could not open shared memory segment "/PostgreSQL.1298450074": No such file or directory
2026-08-06 15:35:39.461 CST [70860] ERROR:  could not open shared memory segment "/PostgreSQL.1298450074": No such file or directory
2026-08-06 15:35:59.473 CST [70885] ERROR:  could not open shared memory segment "/PostgreSQL.1298450074": No such file or directory
2026-08-06 15:36:19.475 CST [70996] ERROR:  could not open shared memory segment "/PostgreSQL.1298450074": No such file or directory
2026-08-06 15:36:39.481 CST [71023] ERROR:  could not open shared memory segment "/PostgreSQL.1298450074": No such file or directory
2026-08-06 15:36:59.493 CST [71048] ERROR:  could not open shared memory segment "/PostgreSQL.1298450074": No such file or directory
2026-08-06 15:37:19.495 CST [71136] ERROR:  could not open shared memory segment "/PostgreSQL.1298450074": No such file or directory
2026-08-06 15:37:39.501 CST [71161] ERROR:  could not open shared memory segment "/PostgreSQL.1298450074": No such file or directory
2026-08-06 15:37:59.512 CST [71248] ERROR:  could not open shared memory segment "/PostgreSQL.1298450074": No such file or directory
2026-08-06 15:38:19.514 CST [71330] ERROR:  could not open shared memory segment "/PostgreSQL.1298450074": No such file or directory
2026-08-06 15:38:39.521 CST [71355] ERROR:  could not open shared memory segment "/PostgreSQL.1298450074": No such file or directory
2026-08-06 15:38:59.533 CST [71380] ERROR:  could not open shared memory segment "/PostgreSQL.1298450074": No such file or directory
2026-08-06 15:39:19.533 CST [71411] ERROR:  could not open shared memory segment "/PostgreSQL.1298450074": No such file or directory
2026-08-06 15:39:39.542 CST [71436] ERROR:  could not open shared memory segment "/PostgreSQL.1298450074": No such file or directory
2026-08-06 15:39:59.552 CST [71500] ERROR:  could not open shared memory segment "/PostgreSQL.1298450074": No such file or directory
2026-08-06 15:40:19.553 CST [71567] ERROR:  could not open shared memory segment "/PostgreSQL.1298450074": No such file or directory
2026-08-06 15:40:39.561 CST [71655] ERROR:  could not open shared memory segment "/PostgreSQL.1298450074": No such file or directory
2026-08-06 15:40:59.572 CST [71716] ERROR:  could not open shared memory segment "/PostgreSQL.1298450074": No such file or directory
2026-08-06 15:41:19.573 CST [71747] ERROR:  could not open shared memory segment "/PostgreSQL.1298450074": No such file or directory
2026-08-06 15:41:39.580 CST [71808] ERROR:  could not open shared memory segment "/PostgreSQL.1298450074": No such file or directory
2026-08-06 15:41:59.592 CST [71835] ERROR:  could not open shared memory segment "/PostgreSQL.1298450074": No such file or directory
2026-08-06 15:42:19.594 CST [71982] ERROR:  could not open shared memory segment "/PostgreSQL.1298450074": No such file or directory
2026-08-06 15:42:39.591 CST [72081] ERROR:  could not open shared memory segment "/PostgreSQL.1298450074": No such file or directory
2026-08-06 15:42:59.608 CST [72182] ERROR:  could not open shared memory segment "/PostgreSQL.1298450074": No such file or directory
2026-08-06 15:43:19.619 CST [72301] ERROR:  could not open shared memory segment "/PostgreSQL.1298450074": No such file or directory
2026-08-06 15:43:39.616 CST [72495] ERROR:  could not open shared memory segment "/PostgreSQL.1298450074": No such file or directory
2026-08-06 15:43:59.634 CST [72630] ERROR:  could not open shared memory segment "/PostgreSQL.1298450074": No such file or directory
2026-08-06 15:44:19.638 CST [72805] ERROR:  could not open shared memory segment "/PostgreSQL.1298450074": No such file or directory
2026-08-06 15:44:39.638 CST [72889] ERROR:  could not open shared memory segment "/PostgreSQL.1298450074": No such file or directory
2026-08-06 15:44:59.654 CST [72921] ERROR:  could not open shared memory segment "/PostgreSQL.1298450074": No such file or directory
2026-08-06 15:45:19.657 CST [73100] ERROR:  could not open shared memory segment "/PostgreSQL.1298450074": No such file or directory
2026-08-06 15:45:39.655 CST [73185] ERROR:  could not open shared memory segment "/PostgreSQL.1298450074": No such file or directory
2026-08-06 15:45:59.673 CST [73263] ERROR:  could not open shared memory segment "/PostgreSQL.1298450074": No such file or directory
2026-08-06 15:46:19.677 CST [73529] ERROR:  could not open shared memory segment "/PostgreSQL.1298450074": No such file or directory
2026-08-06 15:46:39.673 CST [73759] ERROR:  could not open shared memory segment "/PostgreSQL.1298450074": No such file or directory
2026-08-06 15:46:59.693 CST [73970] ERROR:  could not open shared memory segment "/PostgreSQL.1298450074": No such file or directory
2026-08-06 15:47:19.698 CST [74089] ERROR:  could not open shared memory segment "/PostgreSQL.1298450074": No such file or directory
2026-08-06 15:47:39.693 CST [74384] ERROR:  could not open shared memory segment "/PostgreSQL.1298450074": No such file or directory
2026-08-06 15:47:59.709 CST [74439] ERROR:  could not open shared memory segment "/PostgreSQL.1298450074": No such file or directory
2026-08-06 15:48:19.718 CST [74593] ERROR:  could not open shared memory segment "/PostgreSQL.1298450074": No such file or directory
2026-08-06 15:48:39.712 CST [74620] ERROR:  could not open shared memory segment "/PostgreSQL.1298450074": No such file or directory
2026-08-06 15:48:59.709 CST [74714] ERROR:  could not open shared memory segment "/PostgreSQL.1298450074": No such file or directory
2026-08-06 15:49:19.726 CST [74890] ERROR:  could not open shared memory segment "/PostgreSQL.1298450074": No such file or directory
2026-08-06 15:49:39.717 CST [75131] ERROR:  could not open shared memory segment "/PostgreSQL.1298450074": No such file or directory
2026-08-06 15:49:59.809 CST [75350] ERROR:  could not open shared memory segment "/PostgreSQL.1298450074": No such file or directory
2026-08-06 15:50:19.745 CST [75442] ERROR:  could not open shared memory segment "/PostgreSQL.1298450074": No such file or directory
2026-08-06 15:50:39.821 CST [75558] ERROR:  could not open shared memory segment "/PostgreSQL.1298450074": No such file or directory
2026-08-06 15:50:59.828 CST [75583] ERROR:  could not open shared memory segment "/PostgreSQL.1298450074": No such file or directory
2026-08-06 15:51:19.766 CST [75616] ERROR:  could not open shared memory segment "/PostgreSQL.1298450074": No such file or directory
2026-08-06 15:51:39.837 CST [75716] ERROR:  could not open shared memory segment "/PostgreSQL.1298450074": No such file or directory
2026-08-06 15:51:51.359 CST [75772] FATAL:  could not open shared memory segment "/PostgreSQL.1298450074": No such file or directory
2026-08-06 15:51:59.848 CST [75821] ERROR:  could not open shared memory segment "/PostgreSQL.1298450074": No such file or directory
2026-08-06 15:52:05.569 CST [75837] FATAL:  lock file "postmaster.pid" already exists
2026-08-06 15:52:05.569 CST [75837] HINT:  Is another postmaster (PID 67057) running in data directory "/home/postgres/Learn-PG/build/data"?
2026-08-06 15:52:19.784 CST [75898] ERROR:  could not open shared memory segment "/PostgreSQL.1298450074": No such file or directory
2026-08-06 15:52:39.856 CST [75923] ERROR:  could not open shared memory segment "/PostgreSQL.1298450074": No such file or directory
2026-08-06 15:52:59.868 CST [75954] ERROR:  could not open shared memory segment "/PostgreSQL.1298450074": No such file or directory
2026-08-06 15:53:19.803 CST [75985] ERROR:  could not open shared memory segment "/PostgreSQL.1298450074": No such file or directory
2026-08-06 15:53:39.876 CST [76096] ERROR:  could not open shared memory segment "/PostgreSQL.1298450074": No such file or directory
2026-08-06 15:53:59.887 CST [76216] ERROR:  could not open shared memory segment "/PostgreSQL.1298450074": No such file or directory
2026-08-06 15:54:19.823 CST [76339] ERROR:  could not open shared memory segment "/PostgreSQL.1298450074": No such file or directory
2026-08-06 15:54:39.896 CST [76390] ERROR:  could not open shared memory segment "/PostgreSQL.1298450074": No such file or directory
2026-08-06 15:54:59.908 CST [76423] ERROR:  could not open shared memory segment "/PostgreSQL.1298450074": No such file or directory
2026-08-06 15:55:19.843 CST [76561] ERROR:  could not open shared memory segment "/PostgreSQL.1298450074": No such file or directory
2026-08-06 15:55:39.914 CST [76592] ERROR:  could not open shared memory segment "/PostgreSQL.1298450074": No such file or directory
2026-08-06 15:55:59.927 CST [76623] ERROR:  could not open shared memory segment "/PostgreSQL.1298450074": No such file or directory
2026-08-06 15:56:19.862 CST [76656] ERROR:  could not open shared memory segment "/PostgreSQL.1298450074": No such file or directory
2026-08-06 15:56:39.934 CST [76719] ERROR:  could not open shared memory segment "/PostgreSQL.1298450074": No such file or directory
2026-08-06 15:56:59.946 CST [76823] ERROR:  could not open shared memory segment "/PostgreSQL.1298450074": No such file or directory
2026-08-06 15:57:19.884 CST [76919] ERROR:  could not open shared memory segment "/PostgreSQL.1298450074": No such file or directory
2026-08-06 15:57:39.954 CST [77046] ERROR:  could not open shared memory segment "/PostgreSQL.1298450074": No such file or directory
2026-08-06 15:57:59.966 CST [77213] ERROR:  could not open shared memory segment "/PostgreSQL.1298450074": No such file or directory
2026-08-06 15:58:19.902 CST [77354] ERROR:  could not open shared memory segment "/PostgreSQL.1298450074": No such file or directory
2026-08-06 15:58:39.974 CST [77507] ERROR:  could not open shared memory segment "/PostgreSQL.1298450074": No such file or directory
2026-08-06 15:58:59.984 CST [77689] ERROR:  could not open shared memory segment "/PostgreSQL.1298450074": No such file or directory
2026-08-06 15:59:19.922 CST [77820] ERROR:  could not open shared memory segment "/PostgreSQL.1298450074": No such file or directory
2026-08-06 15:59:39.997 CST [77963] ERROR:  could not open shared memory segment "/PostgreSQL.1298450074": No such file or directory
2026-08-06 16:00:00.007 CST [77994] ERROR:  could not open shared memory segment "/PostgreSQL.1298450074": No such file or directory
2026-08-06 16:00:19.943 CST [78025] ERROR:  could not open shared memory segment "/PostgreSQL.1298450074": No such file or directory
2026-08-06 16:00:40.015 CST [78099] ERROR:  could not open shared memory segment "/PostgreSQL.1298450074": No such file or directory
2026-08-06 16:01:00.023 CST [78334] ERROR:  could not open shared memory segment "/PostgreSQL.1298450074": No such file or directory
2026-08-06 16:01:19.957 CST [78407] ERROR:  could not open shared memory segment "/PostgreSQL.1298450074": No such file or directory
2026-08-06 16:01:40.033 CST [78460] ERROR:  could not open shared memory segment "/PostgreSQL.1298450074": No such file or directory
2026-08-06 16:02:00.043 CST [78608] ERROR:  could not open shared memory segment "/PostgreSQL.1298450074": No such file or directory
2026-08-06 16:02:19.978 CST [78711] ERROR:  could not open shared memory segment "/PostgreSQL.1298450074": No such file or directory
2026-08-06 16:02:40.045 CST [78805] ERROR:  could not open shared memory segment "/PostgreSQL.1298450074": No such file or directory
2026-08-06 16:03:00.061 CST [78974] ERROR:  could not open shared memory segment "/PostgreSQL.1298450074": No such file or directory
2026-08-06 16:03:14.910 CST [79066] FATAL:  could not open shared memory segment "/PostgreSQL.1298450074": No such file or directory
2026-08-06 16:03:19.996 CST [79094] ERROR:  could not open shared memory segment "/PostgreSQL.1298450074": No such file or directory
2026-08-06 16:03:24.669 CST [79110] FATAL:  lock file "postmaster.pid" already exists
2026-08-06 16:03:24.669 CST [79110] HINT:  Is another postmaster (PID 67057) running in data directory "/home/postgres/Learn-PG/build/data"?
2026-08-06 16:03:40.066 CST [79135] ERROR:  could not open shared memory segment "/PostgreSQL.1298450074": No such file or directory
2026-08-06 16:04:00.080 CST [79262] ERROR:  could not open shared memory segment "/PostgreSQL.1298450074": No such file or directory
2026-08-06 16:04:20.015 CST [79414] ERROR:  could not open shared memory segment "/PostgreSQL.1298450074": No such file or directory
2026-08-06 16:04:40.086 CST [79445] ERROR:  could not open shared memory segment "/PostgreSQL.1298450074": No such file or directory
2026-08-06 16:05:00.097 CST [79476] ERROR:  could not open shared memory segment "/PostgreSQL.1298450074": No such file or directory
2026-08-06 16:05:20.033 CST [79504] ERROR:  could not open shared memory segment "/PostgreSQL.1298450074": No such file or directory
2026-08-06 16:05:40.105 CST [79610] ERROR:  could not open shared memory segment "/PostgreSQL.1298450074": No such file or directory
2026-08-06 16:06:00.102 CST [79721] ERROR:  could not open shared memory segment "/PostgreSQL.1298450074": No such file or directory
2026-08-06 16:06:20.058 CST [79782] ERROR:  could not open shared memory segment "/PostgreSQL.1298450074": No such file or directory
2026-08-06 16:06:40.114 CST [79923] ERROR:  could not open shared memory segment "/PostgreSQL.1298450074": No such file or directory
2026-08-06 16:07:00.121 CST [80029] ERROR:  could not open shared memory segment "/PostgreSQL.1298450074": No such file or directory
2026-08-06 16:07:14.850 CST [80109] FATAL:  lock file "postmaster.pid" already exists
2026-08-06 16:07:14.850 CST [80109] HINT:  Is another postmaster (PID 67057) running in data directory "/home/postgres/Learn-PG/build/data"?
2026-08-06 16:07:20.069 CST [80131] ERROR:  could not open shared memory segment "/PostgreSQL.1298450074": No such file or directory
2026-08-06 16:07:40.136 CST [80238] ERROR:  could not open shared memory segment "/PostgreSQL.1298450074": No such file or directory
2026-08-06 16:08:00.138 CST [80344] ERROR:  could not open shared memory segment "/PostgreSQL.1298450074": No such file or directory
2026-08-06 16:08:20.085 CST [80464] ERROR:  could not open shared memory segment "/PostgreSQL.1298450074": No such file or directory
2026-08-06 16:08:24.510 CST [67057] LOG:  received fast shutdown request
2026-08-06 16:08:24.514 CST [67057] LOG:  aborting any active transactions
2026-08-06 16:08:24.521 CST [67057] LOG:  background worker "logical replication launcher" (PID 67065) exited with exit code 1
2026-08-06 16:08:24.521 CST [67060] LOG:  shutting down
2026-08-06 16:08:24.525 CST [67060] LOG:  checkpoint starting: shutdown fast
2026-08-06 16:08:24.548 CST [67060] LOG:  checkpoint complete: shutdown fast: wrote 0 buffers (0.0%), wrote 0 SLRU buffers; 0 WAL file(s) added, 0 removed, 0 recycled; write=0.008 s, sync=0.001 s, total=0.026 s; sync files=0, longest=0.000 s, average=0.000 s; distance=0 kB, estimate=3389 kB; lsn=0/01C23558, redo lsn=0/01C23558
2026-08-06 16:08:24.558 CST [67060] FATAL:  could not open shared memory segment "/PostgreSQL.1298450074": No such file or directory
2026-08-06 16:08:24.565 CST [67057] LOG:  checkpointer process (PID 67060) exited with exit code 1
2026-08-06 16:08:24.565 CST [67057] LOG:  terminating any other active server processes
2026-08-06 16:08:24.566 CST [67057] LOG:  abnormal database system shutdown
2026-08-06 16:08:24.566 CST [67057] LOG:  could not remove shared memory segment "/PostgreSQL.1298450074": No such file or directory
2026-08-06 16:08:24.566 CST [67057] LOG:  could not remove shared memory segment "/PostgreSQL.2476199870": No such file or directory
2026-08-06 16:08:24.578 CST [67057] LOG:  database system is shut down
2026-08-06 16:08:24.766 CST [80495] LOG:  starting PostgreSQL 20devel on x86_64-pc-linux-gnu, compiled by gcc (Ubuntu 13.3.0-6ubuntu2~24.04.1) 13.3.0, 64-bit
2026-08-06 16:08:24.767 CST [80495] LOG:  listening on IPv4 address "0.0.0.0", port 5432
2026-08-06 16:08:24.768 CST [80495] LOG:  listening on IPv6 address "::", port 5432
2026-08-06 16:08:24.776 CST [80495] LOG:  listening on Unix socket "/tmp/.s.PGSQL.5432"
2026-08-06 16:08:24.791 CST [80500] LOG:  database system was shut down at 2026-08-06 16:08:24 CST
2026-08-06 16:08:24.806 CST [80495] LOG:  database system is ready to accept connections
2026-08-06 16:08:36.061 CST [80495] LOG:  received fast shutdown request
2026-08-06 16:08:36.066 CST [80495] LOG:  aborting any active transactions
2026-08-06 16:08:36.070 CST [80495] LOG:  background worker "logical replication launcher" (PID 80503) exited with exit code 1
2026-08-06 16:08:36.070 CST [80498] LOG:  shutting down
2026-08-06 16:08:36.075 CST [80498] LOG:  checkpoint starting: shutdown fast
2026-08-06 16:08:36.105 CST [80498] LOG:  checkpoint complete: shutdown fast: wrote 0 buffers (0.0%), wrote 3 SLRU buffers; 0 WAL file(s) added, 0 removed, 0 recycled; write=0.010 s, sync=0.004 s, total=0.035 s; sync files=2, longest=0.003 s, average=0.002 s; distance=0 kB, estimate=0 kB; lsn=0/01C235D8, redo lsn=0/01C235D8
2026-08-06 16:08:36.126 CST [80495] LOG:  database system is shut down
2026-08-06 16:08:36.212 CST [80578] LOG:  starting PostgreSQL 20devel on x86_64-pc-linux-gnu, compiled by gcc (Ubuntu 13.3.0-6ubuntu2~24.04.1) 13.3.0, 64-bit
2026-08-06 16:08:36.213 CST [80578] LOG:  listening on IPv4 address "0.0.0.0", port 5432
2026-08-06 16:08:36.213 CST [80578] LOG:  listening on IPv6 address "::", port 5432
2026-08-06 16:08:36.222 CST [80578] LOG:  listening on Unix socket "/tmp/.s.PGSQL.5432"
2026-08-06 16:08:36.236 CST [80583] LOG:  database system was shut down at 2026-08-06 16:08:36 CST
2026-08-06 16:08:36.245 CST [80578] LOG:  database system is ready to accept connections
